// Jest Snapshot v1, https://goo.gl/fbAQLP

exports[`Storyshots Common Carousel 1`] = `
<div
  className="sc-bwzfXH frYAoK"
/>
`;
